com/example/linkedinprofileapi/dto/CreateScrapeJobRequest.class
com/example/linkedinprofileapi/exception/GlobalExceptionHandler.class
com/example/linkedinprofileapi/repository/ScrapeJobRepository.class
com/example/linkedinprofileapi/entity/ScrapeJobEntity.class
com/example/linkedinprofileapi/exception/NotFoundException.class
com/example/linkedinprofileapi/exception/BadRequestException.class
com/example/linkedinprofileapi/config/AppProperties$Scraping.class
com/example/linkedinprofileapi/scraper/LinkedInDomParser.class
com/example/linkedinprofileapi/config/AsyncConfig.class
com/example/linkedinprofileapi/exception/LinkedInAuthenticationException.class
com/example/linkedinprofileapi/scraper/LinkedInBrowserClient.class
com/example/linkedinprofileapi/service/ScrapeJobService.class
com/example/linkedinprofileapi/config/AppProperties$Cors.class
com/example/linkedinprofileapi/config/SecurityConfig.class
com/example/linkedinprofileapi/config/AppProperties.class
com/example/linkedinprofileapi/controller/ScrapeJobController.class
com/example/linkedinprofileapi/model/LinkedInProfile$LanguageItem.class
com/example/linkedinprofileapi/model/LinkedInProfile$EducationItem.class
com/example/linkedinprofileapi/model/LinkedInProfile$CertificationItem.class
com/example/linkedinprofileapi/config/OpenApiConfig.class
com/example/linkedinprofileapi/service/LinkedInUrlNormalizer.class
com/example/linkedinprofileapi/entity/ScrapeJobStatus.class
com/example/linkedinprofileapi/config/AppProperties$Jobs.class
com/example/linkedinprofileapi/model/LinkedInProfile.class
com/example/linkedinprofileapi/dto/ScrapeJobResponse.class
com/example/linkedinprofileapi/LinkedinProfileApiApplication.class
com/example/linkedinprofileapi/model/LinkedInProfile$SkillItem.class
com/example/linkedinprofileapi/model/LinkedInProfile$ExperienceItem.class
com/example/linkedinprofileapi/service/ScrapeWorker.class
com/example/linkedinprofileapi/dto/LinkedInProfileResponse.class
com/example/linkedinprofileapi/service/LinkedInProfileExtractorService.class
