/Users/mansiiii/workspace/linkedin-profile-api/backend/src/main/java/com/example/linkedinprofileapi/LinkedinProfileApiApplication.java
/Users/mansiiii/workspace/linkedin-profile-api/backend/src/main/java/com/example/linkedinprofileapi/config/AppProperties.java
/Users/mansiiii/workspace/linkedin-profile-api/backend/src/main/java/com/example/linkedinprofileapi/config/AsyncConfig.java
/Users/mansiiii/workspace/linkedin-profile-api/backend/src/main/java/com/example/linkedinprofileapi/config/OpenApiConfig.java
/Users/mansiiii/workspace/linkedin-profile-api/backend/src/main/java/com/example/linkedinprofileapi/config/SecurityConfig.java
/Users/mansiiii/workspace/linkedin-profile-api/backend/src/main/java/com/example/linkedinprofileapi/controller/ScrapeJobController.java
/Users/mansiiii/workspace/linkedin-profile-api/backend/src/main/java/com/example/linkedinprofileapi/dto/CreateScrapeJobRequest.java
/Users/mansiiii/workspace/linkedin-profile-api/backend/src/main/java/com/example/linkedinprofileapi/dto/LinkedInProfileResponse.java
/Users/mansiiii/workspace/linkedin-profile-api/backend/src/main/java/com/example/linkedinprofileapi/dto/ScrapeJobResponse.java
/Users/mansiiii/workspace/linkedin-profile-api/backend/src/main/java/com/example/linkedinprofileapi/entity/ScrapeJobEntity.java
/Users/mansiiii/workspace/linkedin-profile-api/backend/src/main/java/com/example/linkedinprofileapi/entity/ScrapeJobStatus.java
/Users/mansiiii/workspace/linkedin-profile-api/backend/src/main/java/com/example/linkedinprofileapi/exception/BadRequestException.java
/Users/mansiiii/workspace/linkedin-profile-api/backend/src/main/java/com/example/linkedinprofileapi/exception/GlobalExceptionHandler.java
/Users/mansiiii/workspace/linkedin-profile-api/backend/src/main/java/com/example/linkedinprofileapi/exception/LinkedInAuthenticationException.java
/Users/mansiiii/workspace/linkedin-profile-api/backend/src/main/java/com/example/linkedinprofileapi/exception/NotFoundException.java
/Users/mansiiii/workspace/linkedin-profile-api/backend/src/main/java/com/example/linkedinprofileapi/model/LinkedInProfile.java
/Users/mansiiii/workspace/linkedin-profile-api/backend/src/main/java/com/example/linkedinprofileapi/repository/ScrapeJobRepository.java
/Users/mansiiii/workspace/linkedin-profile-api/backend/src/main/java/com/example/linkedinprofileapi/scraper/LinkedInBrowserClient.java
/Users/mansiiii/workspace/linkedin-profile-api/backend/src/main/java/com/example/linkedinprofileapi/scraper/LinkedInDomParser.java
/Users/mansiiii/workspace/linkedin-profile-api/backend/src/main/java/com/example/linkedinprofileapi/service/LinkedInProfileExtractorService.java
/Users/mansiiii/workspace/linkedin-profile-api/backend/src/main/java/com/example/linkedinprofileapi/service/LinkedInUrlNormalizer.java
/Users/mansiiii/workspace/linkedin-profile-api/backend/src/main/java/com/example/linkedinprofileapi/service/ScrapeJobService.java
/Users/mansiiii/workspace/linkedin-profile-api/backend/src/main/java/com/example/linkedinprofileapi/service/ScrapeWorker.java
